// Jest Snapshot v1, https://goo.gl/fbAQLP

exports[`WeatherContent component should render without errors 1`] = `undefined`;
