// Jest Snapshot v1, https://goo.gl/fbAQLP

exports[`NavItems component should render without errors 1`] = `
<div
  className="NavItemsStyle"
>
  <Item>
    Home
  </Item>
  <Item>
    Favorites
  </Item>
  <Item>
    About
  </Item>
</div>
`;
