// Jest Snapshot v1, https://goo.gl/fbAQLP

exports[`SelectedWeather Component should render without errors 1`] = `
<div
  className="SelectedWeatherStyles"
>
  <div
    className="WeatherInfo"
  >
    <Icon
      size="7x"
    />
    <ul>
      <li>
        <a
          href="www"
        >
          Tel-Aviv
        </a>
      </li>
      <li>
        20C
      </li>
    </ul>
  </div>
  <p>
    abc
  </p>
  <button>
    <FavIcon
      isFavorite={false}
    />
  </button>
</div>
`;
