// Jest Snapshot v1, https://goo.gl/fbAQLP

exports[`Icon component should render without errors 1`] = `
<div
  className="IconStyles"
/>
`;
