// Jest Snapshot v1, https://goo.gl/fbAQLP

exports[`Card component should render without errors 1`] = `
<div
  className="CardStyles"
>
  <h3>
    <a>
      card-test
    </a>
  </h3>
  <h4 />
  <h4>
    undefined - undefined
  </h4>
  <p />
</div>
`;
