// Jest Snapshot v1, https://goo.gl/fbAQLP

exports[`Button component should render without errors 1`] = `
<button
  className="ButtonStyles"
  onClick={[MockFunction]}
  type="button"
>
  abc
</button>
`;
