// Jest Snapshot v1, https://goo.gl/fbAQLP

exports[`FiveDaysWeather component should render the component without errors 1`] = `undefined`;
